[iglyphic.com/themes/html/html_safest/index.html]
[iglyphic.com/themes/html/html_safest/images/favicon.png]
[backblue.gif]
[fade.gif]
[index.html]
[iglyphic.com/themes/html/html_safest/get-a-quote.html]
[iglyphic.com/themes/html/html_safest/index-2.html]
[iglyphic.com/themes/html/html_safest/images/logo/logo.png]
[iglyphic.com/themes/html/html_safest/index_v2.html]
[iglyphic.com/themes/html/html_safest/index_v3.html]
[iglyphic.com/themes/html/html_safest/about_v1.html]
[iglyphic.com/themes/html/html_safest/about_v2.html]
[iglyphic.com/themes/html/html_safest/our_agent.html]
[iglyphic.com/themes/html/html_safest/our_agent_single.html]
[iglyphic.com/themes/html/html_safest/insurance_all_new.html]
[iglyphic.com/themes/html/html_safest/insurance_all.html]
[iglyphic.com/themes/html/html_safest/insurance_single.html]
[iglyphic.com/themes/html/html_safest/make_a_claim.html]
[iglyphic.com/themes/html/html_safest/404_error.html]
[iglyphic.com/themes/html/html_safest/coming_soon.html]
[iglyphic.com/themes/html/html_safest/testimonials_all_col.html]
[iglyphic.com/themes/html/html_safest/faqs_right_sidebar.html]
[iglyphic.com/themes/html/html_safest/pricing_tables_v1.html]
[iglyphic.com/themes/html/html_safest/pricing_tables_v2.html]
[iglyphic.com/themes/html/html_safest/contact_v1.html]
[iglyphic.com/themes/html/html_safest/contact_v2.html]
[iglyphic.com/themes/html/html_safest/typography.html]
[iglyphic.com/themes/html/html_safest/blog_standard_left_sidebar.html]
[iglyphic.com/themes/html/html_safest/blog_standard_right_sidebar.html]
[iglyphic.com/themes/html/html_safest/blog_single_left_sidebar.html]
[iglyphic.com/themes/html/html_safest/blog_single_right_sidebar.html]
[iglyphic.com/themes/html/html_safest/img-rev-slider/index2-slider-7.png]
[iglyphic.com/themes/html/html_safest/img-rev-slider/Slider1.png]
[iglyphic.com/themes/html/html_safest/img-rev-slider/slider2.png]
[iglyphic.com/themes/html/html_safest/images/service/mortgage-1.png]
[iglyphic.com/themes/html/html_safest/images/service/home-insurance-1.png]
[iglyphic.com/themes/html/html_safest/images/service/home-service-1.png]
[iglyphic.com/themes/html/html_safest/images/service/consulting-1.png]
[iglyphic.com/themes/html/html_safest/images/couple.png]
[iglyphic.com/themes/html/html_safest/images/team/ps-1.jpg]
[iglyphic.com/themes/html/html_safest/images/team/ps-2.jpg]
[iglyphic.com/themes/html/html_safest/images/team/ps-3.jpg]
[iglyphic.com/themes/html/html_safest/images/team/ps-4.jpg]
[iglyphic.com/themes/html/html_safest/js/jquery-2.2.4.min.js]
[iglyphic.com/themes/html/html_safest/js/bootstrap.min.js]
[iglyphic.com/themes/html/html_safest/rs-plugin/js/jquery.themepunch.plugins.min.js]
[iglyphic.com/themes/html/html_safest/rs-plugin/js/jquery.themepunch.revolution.min.js]
[iglyphic.com/themes/html/html_safest/rs-plugin/js/revslider-custom.js]
[iglyphic.com/themes/html/html_safest/js/plugins.js]
[iglyphic.com/themes/html/html_safest/js/jqueryvalidate/jquery.validate.min.js]
[iglyphic.com/themes/html/html_safest/js/jqueryform/jquery.form.min.js]
[iglyphic.com/themes/html/html_safest/js/custom.js]
[iglyphic.com/themes/html/html_safest/index.html]
[iglyphic.com/themes/html/html_safest/css/fonts/et-line/et-line.eot]
[iglyphic.com/themes/html/html_safest/css/fonts/et-line/et-lined41dd41d.eot]
[iglyphic.com/themes/html/html_safest/css/fonts/et-line/et-line.woff]
[iglyphic.com/themes/html/html_safest/css/fonts/et-line/et-line.ttf]
[iglyphic.com/themes/html/html_safest/css/icon/et-line-font.css]
[iglyphic.com/themes/html/html_safest/css/reset.css]
[iglyphic.com/themes/html/html_safest/fonts/glyphicons-halflings-regular.html]
[iglyphic.com/themes/html/html_safest/fonts/glyphicons-halflings-regulard41dd41d.html]
[iglyphic.com/themes/html/html_safest/fonts/glyphicons-halflings-regular-2.html]
[iglyphic.com/themes/html/html_safest/fonts/glyphicons-halflings-regular-3.html]
[iglyphic.com/themes/html/html_safest/fonts/glyphicons-halflings-regular-4.html]
[iglyphic.com/themes/html/html_safest/fonts/glyphicons-halflings-regular-5.html]
[iglyphic.com/themes/html/html_safest/css/bootstrap.min.css]
[iglyphic.com/themes/html/html_safest/fonts/FontAwesome/fontawesome-webfonte0a5e0a5.eot]
[iglyphic.com/themes/html/html_safest/fonts/FontAwesome/fontawesome-webfontd41dd41d.eot]
[iglyphic.com/themes/html/html_safest/fonts/FontAwesome/fontawesome-webfonte0a5e0a5.html]
[iglyphic.com/themes/html/html_safest/fonts/FontAwesome/fontawesome-webfonte0a5e0a5.woff]
[iglyphic.com/themes/html/html_safest/fonts/FontAwesome/fontawesome-webfonte0a5e0a5.ttf]
[iglyphic.com/themes/html/html_safest/css/font-awesome.css]
[iglyphic.com/themes/html/html_safest/css/fonts/Stroke-Gap-Icons/Stroke-Gap-Icons.html]
[iglyphic.com/themes/html/html_safest/css/Stroke-Gap-Icons.css]
[iglyphic.com/themes/html/html_safest/css/themify-icons/fonts/themify9f249f24.eot]
[iglyphic.com/themes/html/html_safest/css/themify-icons/fonts/themifyd41dd41d.eot]
[iglyphic.com/themes/html/html_safest/css/themify-icons/fonts/themify9f249f24.woff]
[iglyphic.com/themes/html/html_safest/css/themify-icons/fonts/themify9f249f24.ttf]
[iglyphic.com/themes/html/html_safest/css/themify-icons/themify-icons.css]
[iglyphic.com/themes/html/html_safest/rs-plugin/css/rev-settings.css]
[iglyphic.com/themes/html/html_safest/rs-plugin/images/gradient/g30.png]
[iglyphic.com/themes/html/html_safest/rs-plugin/images/gradient/g40.png]
[iglyphic.com/themes/html/html_safest/rs-plugin/assets/shadow1.png]
[iglyphic.com/themes/html/html_safest/rs-plugin/assets/shadow2.png]
[iglyphic.com/themes/html/html_safest/rs-plugin/assets/shadow3.png]
[iglyphic.com/themes/html/html_safest/rs-plugin/assets/gridtile.png]
[iglyphic.com/themes/html/html_safest/rs-plugin/assets/gridtile_white.png]
[iglyphic.com/themes/html/html_safest/rs-plugin/assets/gridtile_3x3.png]
[iglyphic.com/themes/html/html_safest/rs-plugin/assets/gridtile_3x3_white.png]
[iglyphic.com/themes/html/html_safest/rs-plugin/assets/boxed_bgtile.png]
[iglyphic.com/themes/html/html_safest/rs-plugin/assets/navigdots_bgtile.png]
[iglyphic.com/themes/html/html_safest/rs-plugin/assets/bullet.png]
[iglyphic.com/themes/html/html_safest/rs-plugin/assets/bullets.png]
[iglyphic.com/themes/html/html_safest/rs-plugin/assets/bullets2.png]
[iglyphic.com/themes/html/html_safest/rs-plugin/assets/bullet_boxed.png]
[iglyphic.com/themes/html/html_safest/rs-plugin/assets/navigdots.png]
[iglyphic.com/themes/html/html_safest/rs-plugin/assets/large_left.png]
[iglyphic.com/themes/html/html_safest/rs-plugin/assets/large_right.png]
[iglyphic.com/themes/html/html_safest/rs-plugin/assets/small_left.png]
[iglyphic.com/themes/html/html_safest/rs-plugin/assets/small_right.png]
[iglyphic.com/themes/html/html_safest/rs-plugin/assets/arrow_left.png]
[iglyphic.com/themes/html/html_safest/rs-plugin/assets/arrow_right.png]
[iglyphic.com/themes/html/html_safest/rs-plugin/assets/small_left_boxed.png]
[iglyphic.com/themes/html/html_safest/rs-plugin/assets/small_right_boxed.png]
[iglyphic.com/themes/html/html_safest/rs-plugin/assets/arrowleft.png]
[iglyphic.com/themes/html/html_safest/rs-plugin/assets/arrowright.png]
[iglyphic.com/themes/html/html_safest/rs-plugin/assets/arrow_left2.png]
[iglyphic.com/themes/html/html_safest/rs-plugin/assets/arrow_right2.png]
[iglyphic.com/themes/html/html_safest/rs-plugin/assets/timer.png]
[iglyphic.com/themes/html/html_safest/rs-plugin/assets/coloredbg.png]
[iglyphic.com/themes/html/html_safest/rs-plugin/assets/loader.gif]
[iglyphic.com/themes/html/html_safest/rs-plugin/font/revicons90c690c6.eot]
[iglyphic.com/themes/html/html_safest/rs-plugin/font/revicons90c690c6.woff]
[iglyphic.com/themes/html/html_safest/rs-plugin/font/revicons90c690c6.ttf]
[iglyphic.com/themes/html/html_safest/rs-plugin/css/settings.css]
[iglyphic.com/themes/html/html_safest/css/grabbing.html]
[iglyphic.com/themes/html/html_safest/css/owl.carousel.css]
[iglyphic.com/themes/html/html_safest/css/AjaxLoader.html]
[iglyphic.com/themes/html/html_safest/css/owl.theme.css]
[iglyphic.com/themes/html/html_safest/css/fonts/font-awesome/fontawesome-webfont.ttf]
[iglyphic.com/themes/html/html_safest/css/fonts/font-awesome/fontawesome-webfont.eot]
[iglyphic.com/themes/html/html_safest/css/fonts/font-awesome/fontawesome-webfont.woff]
[iglyphic.com/themes/html/html_safest/images/page/Img-wrapper.html]
[iglyphic.com/themes/html/html_safest/images/parallax/parallax1.html]
[iglyphic.com/themes/html/html_safest/images/page/Page-title-bg.png]
[iglyphic.com/themes/html/html_safest/images/page/Projects-title-bg.png]
[iglyphic.com/themes/html/html_safest/images/bg-t.jpg]
[iglyphic.com/themes/html/html_safest/css/style.css]
[iglyphic.com/themes/html/html_safest/css/responsive.css]
[iglyphic.com/themes/html/html_safest/images/team/single-agent-v1.png]
[iglyphic.com/themes/html/html_safest/get-a-quote.html]
[iglyphic.com/themes/html/html_safest/index-2.html]
[iglyphic.com/themes/html/html_safest/images/product/auto-insurance.jpg]
[iglyphic.com/themes/html/html_safest/images/product/home-insurance.jpg]
[iglyphic.com/themes/html/html_safest/images/product/life-insurance.jpg]
[iglyphic.com/themes/html/html_safest/images/product/bike-insurance.jpg]
[iglyphic.com/themes/html/html_safest/images/product/boat-insurance.jpg]
[iglyphic.com/themes/html/html_safest/images/product/business-insurance.jpg]
[iglyphic.com/themes/html/html_safest/images/product/pet-insurance.jpg]
[iglyphic.com/themes/html/html_safest/images/product/travel-insurance.jpg]
[iglyphic.com/themes/html/html_safest/images/product/other-insurance-v1.jpg]
[iglyphic.com/themes/html/html_safest/index_v2.html]
[iglyphic.com/themes/html/html_safest/index_v3.html]
[iglyphic.com/themes/html/html_safest/images/page/avatar-1.png]
[iglyphic.com/themes/html/html_safest/images/page/avatar-2.png]
[iglyphic.com/themes/html/html_safest/images/page/avatar-3.png]
[iglyphic.com/themes/html/html_safest/images/page/avatar-4.png]
[iglyphic.com/themes/html/html_safest/images/customer/customer-1.png]
[iglyphic.com/themes/html/html_safest/images/customer/customer-2.png]
[iglyphic.com/themes/html/html_safest/images/customer/customer-3.png]
[iglyphic.com/themes/html/html_safest/images/customer/customer-4.png]
[iglyphic.com/themes/html/html_safest/images/customer/customer-5.png]
[iglyphic.com/themes/html/html_safest/images/customer/customer-6.png]
[iglyphic.com/themes/html/html_safest/about_v1.html]
[iglyphic.com/themes/html/html_safest/images/service/mortgage.png]
[iglyphic.com/themes/html/html_safest/images/service/home-insurance.png]
[iglyphic.com/themes/html/html_safest/images/service/home-service.png]
[iglyphic.com/themes/html/html_safest/images/service/consulting.png]
[iglyphic.com/themes/html/html_safest/about_v2.html]
[iglyphic.com/themes/html/html_safest/images/team/ps-5.jpg]
[iglyphic.com/themes/html/html_safest/images/team/ps-6.jpg]
[iglyphic.com/themes/html/html_safest/images/team/ps-7.jpg]
[iglyphic.com/themes/html/html_safest/images/team/ps-8.jpg]
[iglyphic.com/themes/html/html_safest/our_agent.html]
[iglyphic.com/themes/html/html_safest/our_agent_single.html]
[iglyphic.com/themes/html/html_safest/images/services/auto-insurance.png]
[iglyphic.com/themes/html/html_safest/images/services/home-insurance.png]
[iglyphic.com/themes/html/html_safest/images/services/life-insurance.png]
[iglyphic.com/themes/html/html_safest/images/services/3.jpg]
[iglyphic.com/themes/html/html_safest/images/services/bike-insurance.png]
[iglyphic.com/themes/html/html_safest/images/services/boat-insurance.png]
[iglyphic.com/themes/html/html_safest/images/services/business-insurance.png]
[iglyphic.com/themes/html/html_safest/images/services/travel-insurance.png]
[iglyphic.com/themes/html/html_safest/insurance_all_new.html]
[iglyphic.com/themes/html/html_safest/insurance_all.html]
[iglyphic.com/themes/html/html_safest/insurance_single.html]
[iglyphic.com/themes/html/html_safest/make_a_claim.html]
[iglyphic.com/themes/html/html_safest/404_error.html]
[iglyphic.com/themes/html/html_safest/coming_soon.html]
[iglyphic.com/themes/html/html_safest/testimonials_all_col.html]
[iglyphic.com/themes/html/html_safest/images/page/ournews-1.png]
[iglyphic.com/themes/html/html_safest/images/page/ournews-2.png]
[iglyphic.com/themes/html/html_safest/faqs_right_sidebar.html]
[iglyphic.com/themes/html/html_safest/pricing_tables_v1.html]
[iglyphic.com/themes/html/html_safest/pricing_tables_v2.html]
[iglyphic.com/themes/html/html_safest/contact_v1.html]
[iglyphic.com/themes/html/html_safest/contact_v2.html]
[iglyphic.com/themes/html/html_safest/typography.html]
[iglyphic.com/themes/html/html_safest/images/blog/blog-post-1.png]
[iglyphic.com/themes/html/html_safest/images/blog/blog-post-2.png]
[iglyphic.com/themes/html/html_safest/images/blog/blog-post-5.png]
[iglyphic.com/themes/html/html_safest/images/blog/blog-post-4.png]
[iglyphic.com/themes/html/html_safest/blog_standard_left_sidebar.html]
[iglyphic.com/themes/html/html_safest/blog_standard_right_sidebar.html]
[iglyphic.com/themes/html/html_safest/images/blog/Img-User.png]
[iglyphic.com/themes/html/html_safest/images/blog/Img-Comment.png]
[iglyphic.com/themes/html/html_safest/images/blog/Img-Comment2.png]
[iglyphic.com/themes/html/html_safest/images/blog/Img-Comment3.png]
[iglyphic.com/themes/html/html_safest/blog_single_left_sidebar.html]
[iglyphic.com/themes/html/html_safest/blog_single_right_sidebar.html]
[iglyphic.com/themes/html/html_safest/img-rev-slider/Slider1.png]
[iglyphic.com/themes/html/html_safest/css/fonts/et-line/et-line.svg]
[iglyphic.com/themes/html/html_safest/fonts/glyphicons-halflings-regular.html]
[iglyphic.com/themes/html/html_safest/fonts/glyphicons-halflings-regulard41dd41d.html]
[iglyphic.com/themes/html/html_safest/fonts/glyphicons-halflings-regular-2.html]
[iglyphic.com/themes/html/html_safest/fonts/glyphicons-halflings-regular-3.html]
[iglyphic.com/themes/html/html_safest/fonts/glyphicons-halflings-regular-4.html]
[iglyphic.com/themes/html/html_safest/fonts/glyphicons-halflings-regular-5.html]
[iglyphic.com/themes/html/html_safest/fonts/FontAwesome/fontawesome-webfonte0a5e0a5.html]
[iglyphic.com/themes/html/html_safest/fonts/FontAwesome/fontawesome-webfonte0a5e0a5.svg]
[iglyphic.com/themes/html/html_safest/css/fonts/Stroke-Gap-Icons/Stroke-Gap-Icons.html]
[iglyphic.com/themes/html/html_safest/css/themify-icons/fonts/themify9f249f24.svg]
[iglyphic.com/themes/html/html_safest/rs-plugin/font/revicons90c690c6.svg]
[iglyphic.com/themes/html/html_safest/css/grabbing.html]
[iglyphic.com/themes/html/html_safest/css/AjaxLoader.html]
[iglyphic.com/themes/html/html_safest/css/fonts/font-awesome/fontawesome-webfont.html]
[iglyphic.com/themes/html/html_safest/css/fonts/font-awesome/fontawesome-webfont.svg]
[iglyphic.com/themes/html/html_safest/images/page/Img-wrapper.html]
[iglyphic.com/themes/html/html_safest/images/parallax/parallax1.html]
[iglyphic.com/themes/html/html_safest/css/fancybox/fancybox_sprite.png]
[iglyphic.com/themes/html/html_safest/css/fancybox_loading.html]
[iglyphic.com/themes/html/html_safest/css/blank.html]
[iglyphic.com/themes/html/html_safest/css/fancybox/fancybox_overlay.png]
[iglyphic.com/themes/html/html_safest/css/fancybox_sprite@2x.html]
[iglyphic.com/themes/html/html_safest/css/fancybox_loading@2x.html]
[iglyphic.com/themes/html/html_safest/css/jquery.fancybox.css]
[iglyphic.com/themes/html/html_safest/css/testimonial.css]
[iglyphic.com/themes/html/html_safest/css/hover.css]
[iglyphic.com/themes/html/html_safest/css/animate.css]
[iglyphic.com/themes/html/html_safest/css/jquery-css/images/ui-icons_444444_256x240.png]
[iglyphic.com/themes/html/html_safest/css/jquery-css/images/ui-icons_777777_256x240.png]
[iglyphic.com/themes/html/html_safest/css/jquery-css/images/ui-icons_555555_256x240.png]
[iglyphic.com/themes/html/html_safest/css/jquery-css/images/ui-icons_ffffff_256x240.html]
[iglyphic.com/themes/html/html_safest/css/jquery-css/images/ui-icons_777620_256x240.html]
[iglyphic.com/themes/html/html_safest/css/jquery-css/images/ui-icons_cc0000_256x240.html]
[iglyphic.com/themes/html/html_safest/css/jquery-css/jquery-ui.css]
[iglyphic.com/themes/html/html_safest/css/fancybox_loading.html]
[iglyphic.com/themes/html/html_safest/css/blank.html]
[iglyphic.com/themes/html/html_safest/css/fancybox_sprite@2x.html]
[iglyphic.com/themes/html/html_safest/css/fancybox_loading@2x.html]
[iglyphic.com/themes/html/img/testimonial/bg-1.html]
[iglyphic.com/themes/html/img/testimonial/bg-2.html]
[iglyphic.com/themes/html/img/testimonial/bg-3.html]
[iglyphic.com/themes/html/html_safest/images/blog/blog-post-4.png]
[iglyphic.com/themes/html/html_safest/css/jquery-css/images/ui-icons_ffffff_256x240.html]
[iglyphic.com/themes/html/html_safest/css/jquery-css/images/ui-icons_777620_256x240.html]
[iglyphic.com/themes/html/html_safest/css/jquery-css/images/ui-icons_cc0000_256x240.html]
[iglyphic.com/templates/system/css/error.html]
